[2026-08-09 13:09:54] INFO autoreload [django.utils.autoreload:686] Watching for file changes with StatReloader
[2026-08-09 13:13:39] INFO log [django.server:283] code 400, message Bad request version ('\\x8a\\x8a\\x13\\x03\\x13\\x01\\x13\\x02\xcc\xa9\xcc\xa8\xc0+\xc0/\xc0,\xc00\xc0\\x13\xc0\\x14\\x00\\x9c\\x00\\x9d\\x00/\\x005\\x01\\x00\\x06\\x8b')
[2026-08-09 13:13:39] INFO log [django.server:283] code 400, message Bad request syntax ('\\x16\\x03\\x01\\x06\xb8\\x01\\x00\\x06\xb4\\x03\\x03\xb2\xfd\\x82\xe6?7\xfc\\x00\xc9\\x94\xa6k\\x84.i\xb1\xb7Z\\x9a')
[2026-08-09 13:13:39] ERROR log [django.server:283] You're accessing the development server over HTTPS, but it only supports HTTP.
[2026-08-09 13:13:39] ERROR log [django.server:283] You're accessing the development server over HTTPS, but it only supports HTTP.
[2026-08-09 13:13:40] INFO log [django.server:283] code 400, message Bad request syntax ('\\x16\\x03\\x01\\x06\xd8\\x01\\x00\\x06\xd4\\x03\\x03\xfc-\xbb\\x9d\xd1k\xe58a\\x9d\\x07\xe9G\xea/\xed\\x1b\\\\')
[2026-08-09 13:13:40] ERROR log [django.server:283] You're accessing the development server over HTTPS, but it only supports HTTP.
[2026-08-09 13:13:40] INFO log [django.server:283] code 400, message Bad request version ('b\xbb\\x12')
[2026-08-09 13:13:40] ERROR log [django.server:283] You're accessing the development server over HTTPS, but it only supports HTTP.
[2026-08-09 13:13:50] INFO log [django.server:283] code 400, message Bad request version ('~EA')
[2026-08-09 13:13:50] ERROR log [django.server:283] You're accessing the development server over HTTPS, but it only supports HTTP.
[2026-08-09 13:13:50] INFO log [django.server:283] code 400, message Bad request version ('M\xf3\xfe2\xd6\xb2\xe3\\x90+\\x9aIF')
[2026-08-09 13:13:50] ERROR log [django.server:283] You're accessing the development server over HTTPS, but it only supports HTTP.
[2026-08-09 13:13:50] INFO log [django.server:283] code 400, message Bad request version ('\\x06\\x04\\x03\\x08\\x04\\x04\\x01\\x05\\x03\\x08\\x05\\x05\\x01\\x08\\x06\\x06\\x01\\x00\\x1b\\x00\\x03\\x02\\x00\\x02D\xcd\\x00\\x05\\x00\\x03\\x02h2\\x00\\x05\\x00\\x05\\x01\\x00\\x00\\x00\\x00\\x00')
[2026-08-09 13:13:50] ERROR log [django.server:283] You're accessing the development server over HTTPS, but it only supports HTTP.
[2026-08-09 13:13:51] INFO log [django.server:283] code 400, message Bad request version ('localhost\\x00')
[2026-08-09 13:13:51] INFO log [django.server:283] code 400, message Bad request version ('\xca\xca\\x13\\x03\\x13\\x01\\x13\\x02\xcc\xa9\xcc\xa8\xc0+\xc0/\xc0,\xc00\xc0\\x13\xc0\\x14\\x00\\x9c\\x00\\x9d\\x00/\\x005\\x01\\x00\\x06\\x8b**\\x00\\x00\\x00')
[2026-08-09 13:13:51] ERROR log [django.server:283] You're accessing the development server over HTTPS, but it only supports HTTP.
[2026-08-09 13:13:51] ERROR log [django.server:283] You're accessing the development server over HTTPS, but it only supports HTTP.
[2026-08-09 13:13:51] INFO log [django.server:283] code 400, message Bad request version ('ZZ\\x13\\x03\\x13\\x01\\x13\\x02\xcc\xa9\xcc\xa8\xc0+\xc0/\xc0,\xc00\xc0\\x13\xc0\\x14\\x00\\x9c\\x00\\x9d\\x00/\\x005\\x01\\x00\\x06K\xca\xca\\x00\\x00\\x00')
[2026-08-09 13:13:51] ERROR log [django.server:283] You're accessing the development server over HTTPS, but it only supports HTTP.
[2026-08-09 13:14:15] INFO log [django.server:283] "GET /admin/ HTTP/1.1" 200 15306
[2026-08-09 13:14:15] INFO log [django.server:283] "GET /static/admin/css/dark_mode.css HTTP/1.1" 304 0
[2026-08-09 13:14:15] INFO log [django.server:283] "GET /static/admin/css/base.css HTTP/1.1" 304 0
[2026-08-09 13:14:15] INFO log [django.server:283] "GET /static/admin/css/nav_sidebar.css HTTP/1.1" 304 0
[2026-08-09 13:14:15] INFO log [django.server:283] "GET /static/admin/css/dashboard.css HTTP/1.1" 304 0
[2026-08-09 13:14:15] INFO log [django.server:283] "GET /static/admin/css/responsive.css HTTP/1.1" 304 0
[2026-08-09 13:14:15] INFO log [django.server:283] "GET /static/admin/js/theme.js HTTP/1.1" 304 0
[2026-08-09 13:14:15] INFO log [django.server:283] "GET /static/admin/js/nav_sidebar.js HTTP/1.1" 304 0
[2026-08-09 13:14:15] INFO log [django.server:283] "GET /static/admin/img/icon-addlink.svg HTTP/1.1" 304 0
[2026-08-09 13:14:15] INFO log [django.server:283] "GET /static/admin/img/icon-changelink.svg HTTP/1.1" 304 0
[2026-08-09 13:14:16] WARNING log [django.request:283] Not Found: /favicon.ico
[2026-08-09 13:14:16] WARNING log [django.server:283] "GET /favicon.ico HTTP/1.1" 404 2613
[2026-08-09 13:16:44] INFO log [django.server:283] "GET /admin/access_control/clinicgrouppermission/ HTTP/1.1" 200 16939
[2026-08-09 13:16:44] INFO log [django.server:283] "GET /static/admin/css/changelists.css HTTP/1.1" 304 0
[2026-08-09 13:16:44] INFO log [django.server:283] "GET /static/admin/js/vendor/jquery/jquery.js HTTP/1.1" 304 0
[2026-08-09 13:16:44] INFO log [django.server:283] "GET /static/admin/js/jquery.init.js HTTP/1.1" 304 0
[2026-08-09 13:16:44] INFO log [django.server:283] "GET /static/admin/js/core.js HTTP/1.1" 304 0
[2026-08-09 13:16:44] INFO log [django.server:283] "GET /static/admin/js/admin/RelatedObjectLookups.js HTTP/1.1" 304 0
[2026-08-09 13:16:44] INFO log [django.server:283] "GET /static/admin/js/actions.js HTTP/1.1" 304 0
[2026-08-09 13:16:44] INFO log [django.server:283] "GET /static/admin/js/urlify.js HTTP/1.1" 304 0
[2026-08-09 13:16:44] INFO log [django.server:283] "GET /static/admin/js/prepopulate.js HTTP/1.1" 304 0
[2026-08-09 13:16:44] INFO log [django.server:283] "GET /admin/jsi18n/ HTTP/1.1" 200 3342
[2026-08-09 13:16:44] INFO log [django.server:283] "GET /static/admin/img/search.svg HTTP/1.1" 304 0
[2026-08-09 13:16:44] INFO log [django.server:283] "GET /static/admin/js/vendor/xregexp/xregexp.js HTTP/1.1" 304 0
[2026-08-09 13:16:44] INFO log [django.server:283] "GET /static/admin/js/filters.js HTTP/1.1" 304 0
[2026-08-09 13:16:44] INFO log [django.server:283] "GET /static/admin/img/tooltag-add.svg HTTP/1.1" 304 0
[2026-08-09 13:16:44] INFO log [django.server:283] "GET /static/admin/img/icon-viewlink.svg HTTP/1.1" 304 0
[2026-08-09 13:16:49] INFO log [django.server:283] "GET /admin/ HTTP/1.1" 200 15306
[2026-08-09 13:16:52] INFO log [django.server:283] "GET /admin/access_control/clinicusergroup/ HTTP/1.1" 200 16885
[2026-08-09 13:16:52] INFO log [django.server:283] "GET /admin/jsi18n/ HTTP/1.1" 200 3342
[2026-08-09 13:16:59] INFO log [django.server:283] "GET /admin/ HTTP/1.1" 200 15306
[2026-08-09 13:17:16] INFO log [django.server:283] "GET /admin/auth/group/ HTTP/1.1" 200 17788
[2026-08-09 13:17:16] INFO log [django.server:283] "GET /admin/jsi18n/ HTTP/1.1" 200 3342
[2026-08-09 13:17:23] INFO log [django.server:283] "GET /admin/access_control/clinicgrouppermission/ HTTP/1.1" 200 16939
[2026-08-09 13:17:23] INFO log [django.server:283] "GET /admin/jsi18n/ HTTP/1.1" 200 3342
[2026-08-09 13:17:26] INFO log [django.server:283] "GET /admin/auth/group/ HTTP/1.1" 200 17788
[2026-08-09 13:18:08] INFO log [django.server:283] "GET /admin/auth/group/ HTTP/1.1" 200 17788
[2026-08-09 13:18:08] INFO log [django.server:283] "GET /admin/jsi18n/ HTTP/1.1" 200 3342
[2026-08-09 13:21:17] INFO log [django.server:283] "GET /admin/auth/group/2/change/ HTTP/1.1" 200 22444
[2026-08-09 13:21:18] INFO log [django.server:283] "GET /static/admin/css/widgets.css HTTP/1.1" 200 12094
[2026-08-09 13:21:18] INFO log [django.server:283] "GET /static/admin/js/SelectBox.js HTTP/1.1" 200 6942
[2026-08-09 13:21:18] INFO log [django.server:283] "GET /static/admin/css/forms.css HTTP/1.1" 200 7951
[2026-08-09 13:21:18] INFO log [django.server:283] "GET /static/admin/js/SelectFilter2.js HTTP/1.1" 200 19374
[2026-08-09 13:21:18] INFO log [django.server:283] "GET /static/admin/js/prepopulate_init.js HTTP/1.1" 200 726
[2026-08-09 13:21:18] INFO log [django.server:283] "GET /static/admin/js/change_form.js HTTP/1.1" 200 677
[2026-08-09 13:21:18] INFO log [django.server:283] "GET /admin/jsi18n/ HTTP/1.1" 200 3342
[2026-08-09 13:21:18] INFO log [django.server:283] "GET /static/admin/img/selector-icons.svg HTTP/1.1" 200 2387
[2026-08-09 13:21:48] INFO log [django.server:283] "GET /admin/access_control/clinicgrouppermission/ HTTP/1.1" 200 16939
[2026-08-09 13:21:48] INFO log [django.server:283] "GET /admin/jsi18n/ HTTP/1.1" 200 3342
[2026-08-09 13:22:06] INFO log [django.server:283] "GET /admin/auth/group/ HTTP/1.1" 200 17788
[2026-08-09 13:22:06] INFO log [django.server:283] "GET /admin/jsi18n/ HTTP/1.1" 200 3342
[2026-08-09 13:22:08] INFO log [django.server:283] "GET /admin/auth/group/6/change/ HTTP/1.1" 200 22444
[2026-08-09 13:22:08] INFO log [django.server:283] "GET /admin/jsi18n/ HTTP/1.1" 200 3342
[2026-08-09 13:22:24] INFO log [django.server:283] "GET /admin/auth/group/ HTTP/1.1" 200 17788
[2026-08-09 16:45:02] INFO autoreload [django.utils.autoreload:686] Watching for file changes with StatReloader
[2026-08-09 16:51:36] WARNING log [django.request:283] Not Found: /api/auth/register/
[2026-08-09 16:51:36] WARNING log [django.server:283] "POST /api/auth/register/ HTTP/1.1" 404 2635
[2026-08-09 16:52:13] WARNING log [django.request:283] Bad Request: /api/v1/auth/register/
[2026-08-09 16:52:13] WARNING log [django.server:283] "POST /api/v1/auth/register/ HTTP/1.1" 400 111
[2026-08-09 16:53:15] ERROR exceptions [medical_app_api.exceptions:137] Unhandled API exception
Traceback (most recent call last):
  File "/home/chiemelie/medical_app_api/.med_app_venv/lib/python3.12/site-packages/rest_framework/views.py", line 523, in dispatch
    response = handler(request, *args, **kwargs)
               ^^^^^^^^^^^^^^^^^^^^^^^^^^^^^^^^^
  File "/home/chiemelie/medical_app_api/accounts/views.py", line 30, in post
    data = AuthService.register_user(email=email, password=password)
           ^^^^^^^^^^^^^^^^^^^^^^^^^^^^^^^^^^^^^^^^^^^^^^^^^^^^^^^^^
  File "/home/chiemelie/medical_app_api/accounts/services/auth_service.py", line 21, in register_user
    reference_token = cls.request_otp(email=email)
                      ^^^^^^^^^^^^^^^^^^^^^^^^^^^^
  File "/home/chiemelie/medical_app_api/accounts/services/auth_service.py", line 64, in request_otp
    otp, reference_token = cls.create_otp(email=email)
                           ^^^^^^^^^^^^^^^^^^^^^^^^^^^
  File "/home/chiemelie/medical_app_api/accounts/services/auth_service.py", line 53, in create_otp
    "otp_hash": cls._hash_otp(otp),
                ^^^^^^^^^^^^^^^^^^
TypeError: AuthService._hash_otp() takes 0 positional arguments but 1 was given
[2026-08-09 16:53:16] ERROR log [django.request:283] Internal Server Error: /api/v1/auth/register/
[2026-08-09 16:53:16] ERROR log [django.server:283] "POST /api/v1/auth/register/ HTTP/1.1" 500 73
[2026-08-09 16:54:40] INFO autoreload [django.utils.autoreload:269] /home/chiemelie/medical_app_api/accounts/services/auth_service.py changed, reloading.
[2026-08-09 16:54:41] INFO autoreload [django.utils.autoreload:686] Watching for file changes with StatReloader
[2026-08-09 16:55:19] WARNING log [django.request:283] Bad Request: /api/v1/auth/register/
[2026-08-09 16:55:19] WARNING log [django.server:283] "POST /api/v1/auth/register/ HTTP/1.1" 400 110
[2026-08-09 17:03:09] INFO autoreload [django.utils.autoreload:269] /home/chiemelie/medical_app_api/accounts/serializers.py changed, reloading.
[2026-08-09 17:03:10] INFO autoreload [django.utils.autoreload:686] Watching for file changes with StatReloader
[2026-08-09 17:08:14] INFO autoreload [django.utils.autoreload:269] /home/chiemelie/medical_app_api/accounts/serializers.py changed, reloading.
[2026-08-09 17:08:15] INFO autoreload [django.utils.autoreload:686] Watching for file changes with StatReloader
[2026-08-09 17:08:51] INFO autoreload [django.utils.autoreload:686] Watching for file changes with StatReloader
[2026-08-09 17:12:54] INFO log [django.server:283] "POST /api/v1/auth/register/ HTTP/1.1" 201 386
[2026-08-09 17:18:05] INFO autoreload [django.utils.autoreload:269] /home/chiemelie/medical_app_api/accounts/tasks.py changed, reloading.
[2026-08-09 17:18:07] INFO autoreload [django.utils.autoreload:686] Watching for file changes with StatReloader
[2026-08-09 17:18:27] INFO autoreload [django.utils.autoreload:686] Watching for file changes with StatReloader
[2026-08-09 17:20:23] WARNING log [django.request:283] Not Found: /api/v1/auth/verify-email/
[2026-08-09 17:20:23] WARNING log [django.server:283] "POST /api/v1/auth/verify-email/ HTTP/1.1" 404 3328
[2026-08-09 17:20:53] INFO autoreload [django.utils.autoreload:269] /home/chiemelie/medical_app_api/accounts/urls.py changed, reloading.
[2026-08-09 17:20:54] INFO autoreload [django.utils.autoreload:686] Watching for file changes with StatReloader
[2026-08-09 17:21:04] ERROR log [django.request:283] Internal Server Error: /api/v1/auth/verify-email/
Traceback (most recent call last):
  File "/home/chiemelie/medical_app_api/.med_app_venv/lib/python3.12/site-packages/django/core/handlers/exception.py", line 56, in inner
    response = get_response(request)
               ^^^^^^^^^^^^^^^^^^^^^
  File "/home/chiemelie/medical_app_api/.med_app_venv/lib/python3.12/site-packages/django/core/handlers/base.py", line 199, in _get_response
    response = wrapped_callback(request, *callback_args, **callback_kwargs)
               ^^^^^^^^^^^^^^^^^^^^^^^^^^^^^^^^^^^^^^^^^^^^^^^^^^^^^^^^^^^^
  File "/home/chiemelie/medical_app_api/.med_app_venv/lib/python3.12/site-packages/django/views/decorators/csrf.py", line 64, in _view_wrapper
    return view_func(request, *args, **kwargs)
           ^^^^^^^^^^^^^^^^^^^^^^^^^^^^^^^^^^^
  File "/home/chiemelie/medical_app_api/.med_app_venv/lib/python3.12/site-packages/rest_framework/viewsets.py", line 116, in view
    handler = getattr(self, action)
              ^^^^^^^^^^^^^^^^^^^^^
AttributeError: 'EmailVerificationView' object has no attribute 'verify_email'
[2026-08-09 17:21:04] ERROR log [django.server:283] "POST /api/v1/auth/verify-email/ HTTP/1.1" 500 74362
[2026-08-09 17:21:31] INFO autoreload [django.utils.autoreload:269] /home/chiemelie/medical_app_api/accounts/urls.py changed, reloading.
[2026-08-09 17:21:32] INFO autoreload [django.utils.autoreload:686] Watching for file changes with StatReloader
[2026-08-09 17:21:49] ERROR log [django.request:283] Internal Server Error: /api/v1/auth/verify_email/
Traceback (most recent call last):
  File "/home/chiemelie/medical_app_api/.med_app_venv/lib/python3.12/site-packages/django/core/handlers/exception.py", line 56, in inner
    response = get_response(request)
               ^^^^^^^^^^^^^^^^^^^^^
  File "/home/chiemelie/medical_app_api/.med_app_venv/lib/python3.12/site-packages/django/core/handlers/base.py", line 199, in _get_response
    response = wrapped_callback(request, *callback_args, **callback_kwargs)
               ^^^^^^^^^^^^^^^^^^^^^^^^^^^^^^^^^^^^^^^^^^^^^^^^^^^^^^^^^^^^
  File "/home/chiemelie/medical_app_api/.med_app_venv/lib/python3.12/site-packages/django/views/decorators/csrf.py", line 64, in _view_wrapper
    return view_func(request, *args, **kwargs)
           ^^^^^^^^^^^^^^^^^^^^^^^^^^^^^^^^^^^
  File "/home/chiemelie/medical_app_api/.med_app_venv/lib/python3.12/site-packages/rest_framework/viewsets.py", line 116, in view
    handler = getattr(self, action)
              ^^^^^^^^^^^^^^^^^^^^^
AttributeError: 'EmailVerificationView' object has no attribute 'verify_email'
[2026-08-09 17:21:49] ERROR log [django.server:283] "POST /api/v1/auth/verify_email/ HTTP/1.1" 500 74362
[2026-08-09 17:22:27] INFO autoreload [django.utils.autoreload:269] /home/chiemelie/medical_app_api/accounts/views.py changed, reloading.
[2026-08-09 17:22:28] INFO autoreload [django.utils.autoreload:686] Watching for file changes with StatReloader
[2026-08-09 17:22:35] WARNING log [django.request:283] Bad Request: /api/v1/auth/verify_email/
[2026-08-09 17:22:35] WARNING log [django.server:283] "POST /api/v1/auth/verify_email/ HTTP/1.1" 400 139
[2026-08-09 17:23:25] WARNING log [django.request:283] Bad Request: /api/v1/auth/verify_email/
[2026-08-09 17:23:25] WARNING log [django.server:283] "POST /api/v1/auth/verify_email/ HTTP/1.1" 400 103
[2026-08-09 17:23:52] INFO autoreload [django.utils.autoreload:269] /home/chiemelie/medical_app_api/accounts/serializers.py changed, reloading.
[2026-08-09 17:23:54] INFO autoreload [django.utils.autoreload:686] Watching for file changes with StatReloader
[2026-08-09 17:24:00] WARNING log [django.request:283] Bad Request: /api/v1/auth/verify_email/
[2026-08-09 17:24:00] WARNING log [django.server:283] "POST /api/v1/auth/verify_email/ HTTP/1.1" 400 110
[2026-08-09 17:24:12] WARNING log [django.request:283] Bad Request: /api/v1/auth/verify_email/
[2026-08-09 17:24:12] WARNING log [django.server:283] "POST /api/v1/auth/verify_email/ HTTP/1.1" 400 74
[2026-08-09 17:25:19] ERROR log [django.request:283] Internal Server Error: /api/v1/auth/request_otp/
Traceback (most recent call last):
  File "/home/chiemelie/medical_app_api/.med_app_venv/lib/python3.12/site-packages/django/core/handlers/exception.py", line 56, in inner
    response = get_response(request)
               ^^^^^^^^^^^^^^^^^^^^^
  File "/home/chiemelie/medical_app_api/.med_app_venv/lib/python3.12/site-packages/django/core/handlers/base.py", line 199, in _get_response
    response = wrapped_callback(request, *callback_args, **callback_kwargs)
               ^^^^^^^^^^^^^^^^^^^^^^^^^^^^^^^^^^^^^^^^^^^^^^^^^^^^^^^^^^^^
  File "/home/chiemelie/medical_app_api/.med_app_venv/lib/python3.12/site-packages/django/views/decorators/csrf.py", line 64, in _view_wrapper
    return view_func(request, *args, **kwargs)
           ^^^^^^^^^^^^^^^^^^^^^^^^^^^^^^^^^^^
  File "/home/chiemelie/medical_app_api/.med_app_venv/lib/python3.12/site-packages/rest_framework/viewsets.py", line 116, in view
    handler = getattr(self, action)
              ^^^^^^^^^^^^^^^^^^^^^
AttributeError: 'EmailVerificationView' object has no attribute 'request-otp'. Did you mean: 'request_otp'?
[2026-08-09 17:25:19] ERROR log [django.server:283] "POST /api/v1/auth/request_otp/ HTTP/1.1" 500 74345
[2026-08-09 17:26:19] ERROR log [django.request:283] Internal Server Error: /api/v1/auth/request_otp/
Traceback (most recent call last):
  File "/home/chiemelie/medical_app_api/.med_app_venv/lib/python3.12/site-packages/django/core/handlers/exception.py", line 56, in inner
    response = get_response(request)
               ^^^^^^^^^^^^^^^^^^^^^
  File "/home/chiemelie/medical_app_api/.med_app_venv/lib/python3.12/site-packages/django/core/handlers/base.py", line 199, in _get_response
    response = wrapped_callback(request, *callback_args, **callback_kwargs)
               ^^^^^^^^^^^^^^^^^^^^^^^^^^^^^^^^^^^^^^^^^^^^^^^^^^^^^^^^^^^^
  File "/home/chiemelie/medical_app_api/.med_app_venv/lib/python3.12/site-packages/django/views/decorators/csrf.py", line 64, in _view_wrapper
    return view_func(request, *args, **kwargs)
           ^^^^^^^^^^^^^^^^^^^^^^^^^^^^^^^^^^^
  File "/home/chiemelie/medical_app_api/.med_app_venv/lib/python3.12/site-packages/rest_framework/viewsets.py", line 116, in view
    handler = getattr(self, action)
              ^^^^^^^^^^^^^^^^^^^^^
AttributeError: 'EmailVerificationView' object has no attribute 'request-otp'. Did you mean: 'request_otp'?
[2026-08-09 17:26:19] ERROR log [django.server:283] "POST /api/v1/auth/request_otp/ HTTP/1.1" 500 74345
[2026-08-09 17:26:48] INFO autoreload [django.utils.autoreload:686] Watching for file changes with StatReloader
[2026-08-09 17:27:01] ERROR log [django.request:283] Internal Server Error: /api/v1/auth/request_otp/
Traceback (most recent call last):
  File "/home/chiemelie/medical_app_api/.med_app_venv/lib/python3.12/site-packages/django/core/handlers/exception.py", line 56, in inner
    response = get_response(request)
               ^^^^^^^^^^^^^^^^^^^^^
  File "/home/chiemelie/medical_app_api/.med_app_venv/lib/python3.12/site-packages/django/core/handlers/base.py", line 199, in _get_response
    response = wrapped_callback(request, *callback_args, **callback_kwargs)
               ^^^^^^^^^^^^^^^^^^^^^^^^^^^^^^^^^^^^^^^^^^^^^^^^^^^^^^^^^^^^
  File "/home/chiemelie/medical_app_api/.med_app_venv/lib/python3.12/site-packages/django/views/decorators/csrf.py", line 64, in _view_wrapper
    return view_func(request, *args, **kwargs)
           ^^^^^^^^^^^^^^^^^^^^^^^^^^^^^^^^^^^
  File "/home/chiemelie/medical_app_api/.med_app_venv/lib/python3.12/site-packages/rest_framework/viewsets.py", line 116, in view
    handler = getattr(self, action)
              ^^^^^^^^^^^^^^^^^^^^^
AttributeError: 'EmailVerificationView' object has no attribute 'request-otp'. Did you mean: 'request_otp'?
[2026-08-09 17:27:01] ERROR log [django.server:283] "POST /api/v1/auth/request_otp/ HTTP/1.1" 500 74345
[2026-08-09 17:27:52] ERROR log [django.request:283] Internal Server Error: /api/v1/auth/request_otp/
Traceback (most recent call last):
  File "/home/chiemelie/medical_app_api/.med_app_venv/lib/python3.12/site-packages/django/core/handlers/exception.py", line 56, in inner
    response = get_response(request)
               ^^^^^^^^^^^^^^^^^^^^^
  File "/home/chiemelie/medical_app_api/.med_app_venv/lib/python3.12/site-packages/django/core/handlers/base.py", line 199, in _get_response
    response = wrapped_callback(request, *callback_args, **callback_kwargs)
               ^^^^^^^^^^^^^^^^^^^^^^^^^^^^^^^^^^^^^^^^^^^^^^^^^^^^^^^^^^^^
  File "/home/chiemelie/medical_app_api/.med_app_venv/lib/python3.12/site-packages/django/views/decorators/csrf.py", line 64, in _view_wrapper
    return view_func(request, *args, **kwargs)
           ^^^^^^^^^^^^^^^^^^^^^^^^^^^^^^^^^^^
  File "/home/chiemelie/medical_app_api/.med_app_venv/lib/python3.12/site-packages/rest_framework/viewsets.py", line 116, in view
    handler = getattr(self, action)
              ^^^^^^^^^^^^^^^^^^^^^
AttributeError: 'EmailVerificationView' object has no attribute 'request-otp'. Did you mean: 'request_otp'?
[2026-08-09 17:27:52] ERROR log [django.server:283] "POST /api/v1/auth/request_otp/ HTTP/1.1" 500 74345
[2026-08-09 17:28:41] INFO autoreload [django.utils.autoreload:269] /home/chiemelie/medical_app_api/accounts/urls.py changed, reloading.
[2026-08-09 17:28:42] INFO autoreload [django.utils.autoreload:686] Watching for file changes with StatReloader
[2026-08-09 17:28:57] INFO autoreload [django.utils.autoreload:269] /home/chiemelie/medical_app_api/accounts/urls.py changed, reloading.
[2026-08-09 17:28:58] INFO autoreload [django.utils.autoreload:686] Watching for file changes with StatReloader
[2026-08-09 17:29:12] WARNING log [django.request:283] Bad Request: /api/v1/auth/request-otp/
[2026-08-09 17:29:12] WARNING log [django.server:283] "POST /api/v1/auth/request-otp/ HTTP/1.1" 400 95
[2026-08-09 17:30:02] WARNING log [django.request:283] Bad Request: /api/v1/auth/request-otp/
[2026-08-09 17:30:02] WARNING log [django.server:283] "POST /api/v1/auth/request-otp/ HTTP/1.1" 400 100
[2026-08-09 17:30:10] INFO log [django.server:283] "POST /api/v1/auth/request-otp/ HTTP/1.1" 200 93
[2026-08-09 17:33:53] WARNING log [django.request:283] Bad Request: /api/v1/auth/verify-email/
[2026-08-09 17:33:53] WARNING log [django.server:283] "POST /api/v1/auth/verify-email/ HTTP/1.1" 400 74
[2026-08-09 17:34:03] ERROR exceptions [medical_app_api.exceptions:137] Unhandled API exception
Traceback (most recent call last):
  File "/home/chiemelie/medical_app_api/.med_app_venv/lib/python3.12/site-packages/rest_framework/views.py", line 523, in dispatch
    response = handler(request, *args, **kwargs)
               ^^^^^^^^^^^^^^^^^^^^^^^^^^^^^^^^^
  File "/home/chiemelie/medical_app_api/accounts/views.py", line 87, in verify_email
    user = AuthService.verify_otp(
           ^^^^^^^^^^^^^^^^^^^^^^^
  File "/home/chiemelie/medical_app_api/accounts/services/auth_service.py", line 81, in verify_otp
    submitted_hash = cls._hash_otp(otp)
                     ^^^^^^^^^^^^^^^^^^
TypeError: AuthService._hash_otp() takes 0 positional arguments but 1 was given
[2026-08-09 17:34:03] ERROR log [django.request:283] Internal Server Error: /api/v1/auth/verify-email/
[2026-08-09 17:34:03] ERROR log [django.server:283] "POST /api/v1/auth/verify-email/ HTTP/1.1" 500 73
[2026-08-09 17:36:09] INFO autoreload [django.utils.autoreload:269] /home/chiemelie/medical_app_api/accounts/services/auth_service.py changed, reloading.
[2026-08-09 17:36:11] INFO autoreload [django.utils.autoreload:686] Watching for file changes with StatReloader
[2026-08-09 17:36:40] WARNING log [django.request:283] Bad Request: /api/v1/auth/verify-email/
[2026-08-09 17:36:40] WARNING log [django.server:283] "POST /api/v1/auth/verify-email/ HTTP/1.1" 400 70
[2026-08-09 17:37:22] INFO log [django.server:283] "POST /api/v1/auth/verify-email/ HTTP/1.1" 200 284
[2026-08-09 17:38:36] INFO autoreload [django.utils.autoreload:269] /home/chiemelie/medical_app_api/accounts/serializers.py changed, reloading.
[2026-08-09 17:38:37] INFO autoreload [django.utils.autoreload:686] Watching for file changes with StatReloader
[2026-08-09 17:40:03] WARNING log [django.request:283] Bad Request: /api/v1/auth/verify-email/
[2026-08-09 17:40:03] WARNING log [django.server:283] "POST /api/v1/auth/verify-email/ HTTP/1.1" 400 74
[2026-08-09 17:41:02] INFO autoreload [django.utils.autoreload:269] /home/chiemelie/medical_app_api/accounts/serializers.py changed, reloading.
[2026-08-09 17:41:03] INFO autoreload [django.utils.autoreload:686] Watching for file changes with StatReloader
[2026-08-09 17:43:00] WARNING log [django.request:283] Bad Request: /api/v1/auth/request-otp/
[2026-08-09 17:43:00] WARNING log [django.server:283] "POST /api/v1/auth/request-otp/ HTTP/1.1" 400 104
