[2026-08-09 13:13:39] ERROR log [django.server:283] You're accessing the development server over HTTPS, but it only supports HTTP.
[2026-08-09 13:13:39] ERROR log [django.server:283] You're accessing the development server over HTTPS, but it only supports HTTP.
[2026-08-09 13:13:40] ERROR log [django.server:283] You're accessing the development server over HTTPS, but it only supports HTTP.
[2026-08-09 13:13:40] ERROR log [django.server:283] You're accessing the development server over HTTPS, but it only supports HTTP.
[2026-08-09 13:13:50] ERROR log [django.server:283] You're accessing the development server over HTTPS, but it only supports HTTP.
[2026-08-09 13:13:50] ERROR log [django.server:283] You're accessing the development server over HTTPS, but it only supports HTTP.
[2026-08-09 13:13:50] ERROR log [django.server:283] You're accessing the development server over HTTPS, but it only supports HTTP.
[2026-08-09 13:13:51] ERROR log [django.server:283] You're accessing the development server over HTTPS, but it only supports HTTP.
[2026-08-09 13:13:51] ERROR log [django.server:283] You're accessing the development server over HTTPS, but it only supports HTTP.
[2026-08-09 13:13:51] ERROR log [django.server:283] You're accessing the development server over HTTPS, but it only supports HTTP.
[2026-08-09 16:53:15] ERROR exceptions [medical_app_api.exceptions:137] Unhandled API exception
Traceback (most recent call last):
  File "/home/chiemelie/medical_app_api/.med_app_venv/lib/python3.12/site-packages/rest_framework/views.py", line 523, in dispatch
    response = handler(request, *args, **kwargs)
               ^^^^^^^^^^^^^^^^^^^^^^^^^^^^^^^^^
  File "/home/chiemelie/medical_app_api/accounts/views.py", line 30, in post
    data = AuthService.register_user(email=email, password=password)
           ^^^^^^^^^^^^^^^^^^^^^^^^^^^^^^^^^^^^^^^^^^^^^^^^^^^^^^^^^
  File "/home/chiemelie/medical_app_api/accounts/services/auth_service.py", line 21, in register_user
    reference_token = cls.request_otp(email=email)
                      ^^^^^^^^^^^^^^^^^^^^^^^^^^^^
  File "/home/chiemelie/medical_app_api/accounts/services/auth_service.py", line 64, in request_otp
    otp, reference_token = cls.create_otp(email=email)
                           ^^^^^^^^^^^^^^^^^^^^^^^^^^^
  File "/home/chiemelie/medical_app_api/accounts/services/auth_service.py", line 53, in create_otp
    "otp_hash": cls._hash_otp(otp),
                ^^^^^^^^^^^^^^^^^^
TypeError: AuthService._hash_otp() takes 0 positional arguments but 1 was given
[2026-08-09 16:53:16] ERROR log [django.request:283] Internal Server Error: /api/v1/auth/register/
[2026-08-09 16:53:16] ERROR log [django.server:283] "POST /api/v1/auth/register/ HTTP/1.1" 500 73
[2026-08-09 17:21:04] ERROR log [django.request:283] Internal Server Error: /api/v1/auth/verify-email/
Traceback (most recent call last):
  File "/home/chiemelie/medical_app_api/.med_app_venv/lib/python3.12/site-packages/django/core/handlers/exception.py", line 56, in inner
    response = get_response(request)
               ^^^^^^^^^^^^^^^^^^^^^
  File "/home/chiemelie/medical_app_api/.med_app_venv/lib/python3.12/site-packages/django/core/handlers/base.py", line 199, in _get_response
    response = wrapped_callback(request, *callback_args, **callback_kwargs)
               ^^^^^^^^^^^^^^^^^^^^^^^^^^^^^^^^^^^^^^^^^^^^^^^^^^^^^^^^^^^^
  File "/home/chiemelie/medical_app_api/.med_app_venv/lib/python3.12/site-packages/django/views/decorators/csrf.py", line 64, in _view_wrapper
    return view_func(request, *args, **kwargs)
           ^^^^^^^^^^^^^^^^^^^^^^^^^^^^^^^^^^^
  File "/home/chiemelie/medical_app_api/.med_app_venv/lib/python3.12/site-packages/rest_framework/viewsets.py", line 116, in view
    handler = getattr(self, action)
              ^^^^^^^^^^^^^^^^^^^^^
AttributeError: 'EmailVerificationView' object has no attribute 'verify_email'
[2026-08-09 17:21:04] ERROR log [django.server:283] "POST /api/v1/auth/verify-email/ HTTP/1.1" 500 74362
[2026-08-09 17:21:49] ERROR log [django.request:283] Internal Server Error: /api/v1/auth/verify_email/
Traceback (most recent call last):
  File "/home/chiemelie/medical_app_api/.med_app_venv/lib/python3.12/site-packages/django/core/handlers/exception.py", line 56, in inner
    response = get_response(request)
               ^^^^^^^^^^^^^^^^^^^^^
  File "/home/chiemelie/medical_app_api/.med_app_venv/lib/python3.12/site-packages/django/core/handlers/base.py", line 199, in _get_response
    response = wrapped_callback(request, *callback_args, **callback_kwargs)
               ^^^^^^^^^^^^^^^^^^^^^^^^^^^^^^^^^^^^^^^^^^^^^^^^^^^^^^^^^^^^
  File "/home/chiemelie/medical_app_api/.med_app_venv/lib/python3.12/site-packages/django/views/decorators/csrf.py", line 64, in _view_wrapper
    return view_func(request, *args, **kwargs)
           ^^^^^^^^^^^^^^^^^^^^^^^^^^^^^^^^^^^
  File "/home/chiemelie/medical_app_api/.med_app_venv/lib/python3.12/site-packages/rest_framework/viewsets.py", line 116, in view
    handler = getattr(self, action)
              ^^^^^^^^^^^^^^^^^^^^^
AttributeError: 'EmailVerificationView' object has no attribute 'verify_email'
[2026-08-09 17:21:49] ERROR log [django.server:283] "POST /api/v1/auth/verify_email/ HTTP/1.1" 500 74362
[2026-08-09 17:25:19] ERROR log [django.request:283] Internal Server Error: /api/v1/auth/request_otp/
Traceback (most recent call last):
  File "/home/chiemelie/medical_app_api/.med_app_venv/lib/python3.12/site-packages/django/core/handlers/exception.py", line 56, in inner
    response = get_response(request)
               ^^^^^^^^^^^^^^^^^^^^^
  File "/home/chiemelie/medical_app_api/.med_app_venv/lib/python3.12/site-packages/django/core/handlers/base.py", line 199, in _get_response
    response = wrapped_callback(request, *callback_args, **callback_kwargs)
               ^^^^^^^^^^^^^^^^^^^^^^^^^^^^^^^^^^^^^^^^^^^^^^^^^^^^^^^^^^^^
  File "/home/chiemelie/medical_app_api/.med_app_venv/lib/python3.12/site-packages/django/views/decorators/csrf.py", line 64, in _view_wrapper
    return view_func(request, *args, **kwargs)
           ^^^^^^^^^^^^^^^^^^^^^^^^^^^^^^^^^^^
  File "/home/chiemelie/medical_app_api/.med_app_venv/lib/python3.12/site-packages/rest_framework/viewsets.py", line 116, in view
    handler = getattr(self, action)
              ^^^^^^^^^^^^^^^^^^^^^
AttributeError: 'EmailVerificationView' object has no attribute 'request-otp'. Did you mean: 'request_otp'?
[2026-08-09 17:25:19] ERROR log [django.server:283] "POST /api/v1/auth/request_otp/ HTTP/1.1" 500 74345
[2026-08-09 17:26:19] ERROR log [django.request:283] Internal Server Error: /api/v1/auth/request_otp/
Traceback (most recent call last):
  File "/home/chiemelie/medical_app_api/.med_app_venv/lib/python3.12/site-packages/django/core/handlers/exception.py", line 56, in inner
    response = get_response(request)
               ^^^^^^^^^^^^^^^^^^^^^
  File "/home/chiemelie/medical_app_api/.med_app_venv/lib/python3.12/site-packages/django/core/handlers/base.py", line 199, in _get_response
    response = wrapped_callback(request, *callback_args, **callback_kwargs)
               ^^^^^^^^^^^^^^^^^^^^^^^^^^^^^^^^^^^^^^^^^^^^^^^^^^^^^^^^^^^^
  File "/home/chiemelie/medical_app_api/.med_app_venv/lib/python3.12/site-packages/django/views/decorators/csrf.py", line 64, in _view_wrapper
    return view_func(request, *args, **kwargs)
           ^^^^^^^^^^^^^^^^^^^^^^^^^^^^^^^^^^^
  File "/home/chiemelie/medical_app_api/.med_app_venv/lib/python3.12/site-packages/rest_framework/viewsets.py", line 116, in view
    handler = getattr(self, action)
              ^^^^^^^^^^^^^^^^^^^^^
AttributeError: 'EmailVerificationView' object has no attribute 'request-otp'. Did you mean: 'request_otp'?
[2026-08-09 17:26:19] ERROR log [django.server:283] "POST /api/v1/auth/request_otp/ HTTP/1.1" 500 74345
[2026-08-09 17:27:01] ERROR log [django.request:283] Internal Server Error: /api/v1/auth/request_otp/
Traceback (most recent call last):
  File "/home/chiemelie/medical_app_api/.med_app_venv/lib/python3.12/site-packages/django/core/handlers/exception.py", line 56, in inner
    response = get_response(request)
               ^^^^^^^^^^^^^^^^^^^^^
  File "/home/chiemelie/medical_app_api/.med_app_venv/lib/python3.12/site-packages/django/core/handlers/base.py", line 199, in _get_response
    response = wrapped_callback(request, *callback_args, **callback_kwargs)
               ^^^^^^^^^^^^^^^^^^^^^^^^^^^^^^^^^^^^^^^^^^^^^^^^^^^^^^^^^^^^
  File "/home/chiemelie/medical_app_api/.med_app_venv/lib/python3.12/site-packages/django/views/decorators/csrf.py", line 64, in _view_wrapper
    return view_func(request, *args, **kwargs)
           ^^^^^^^^^^^^^^^^^^^^^^^^^^^^^^^^^^^
  File "/home/chiemelie/medical_app_api/.med_app_venv/lib/python3.12/site-packages/rest_framework/viewsets.py", line 116, in view
    handler = getattr(self, action)
              ^^^^^^^^^^^^^^^^^^^^^
AttributeError: 'EmailVerificationView' object has no attribute 'request-otp'. Did you mean: 'request_otp'?
[2026-08-09 17:27:01] ERROR log [django.server:283] "POST /api/v1/auth/request_otp/ HTTP/1.1" 500 74345
[2026-08-09 17:27:52] ERROR log [django.request:283] Internal Server Error: /api/v1/auth/request_otp/
Traceback (most recent call last):
  File "/home/chiemelie/medical_app_api/.med_app_venv/lib/python3.12/site-packages/django/core/handlers/exception.py", line 56, in inner
    response = get_response(request)
               ^^^^^^^^^^^^^^^^^^^^^
  File "/home/chiemelie/medical_app_api/.med_app_venv/lib/python3.12/site-packages/django/core/handlers/base.py", line 199, in _get_response
    response = wrapped_callback(request, *callback_args, **callback_kwargs)
               ^^^^^^^^^^^^^^^^^^^^^^^^^^^^^^^^^^^^^^^^^^^^^^^^^^^^^^^^^^^^
  File "/home/chiemelie/medical_app_api/.med_app_venv/lib/python3.12/site-packages/django/views/decorators/csrf.py", line 64, in _view_wrapper
    return view_func(request, *args, **kwargs)
           ^^^^^^^^^^^^^^^^^^^^^^^^^^^^^^^^^^^
  File "/home/chiemelie/medical_app_api/.med_app_venv/lib/python3.12/site-packages/rest_framework/viewsets.py", line 116, in view
    handler = getattr(self, action)
              ^^^^^^^^^^^^^^^^^^^^^
AttributeError: 'EmailVerificationView' object has no attribute 'request-otp'. Did you mean: 'request_otp'?
[2026-08-09 17:27:52] ERROR log [django.server:283] "POST /api/v1/auth/request_otp/ HTTP/1.1" 500 74345
[2026-08-09 17:34:03] ERROR exceptions [medical_app_api.exceptions:137] Unhandled API exception
Traceback (most recent call last):
  File "/home/chiemelie/medical_app_api/.med_app_venv/lib/python3.12/site-packages/rest_framework/views.py", line 523, in dispatch
    response = handler(request, *args, **kwargs)
               ^^^^^^^^^^^^^^^^^^^^^^^^^^^^^^^^^
  File "/home/chiemelie/medical_app_api/accounts/views.py", line 87, in verify_email
    user = AuthService.verify_otp(
           ^^^^^^^^^^^^^^^^^^^^^^^
  File "/home/chiemelie/medical_app_api/accounts/services/auth_service.py", line 81, in verify_otp
    submitted_hash = cls._hash_otp(otp)
                     ^^^^^^^^^^^^^^^^^^
TypeError: AuthService._hash_otp() takes 0 positional arguments but 1 was given
[2026-08-09 17:34:03] ERROR log [django.request:283] Internal Server Error: /api/v1/auth/verify-email/
[2026-08-09 17:34:03] ERROR log [django.server:283] "POST /api/v1/auth/verify-email/ HTTP/1.1" 500 73
